../Drivers/CMSIS/Include/core_cm4.h:2059:26:ITM_SendChar	16	static,ignoring_inline_asm
../Core/Src/main.c:31:5:_write	32	static
../Core/Src/main.c:88:5:main	104	static
../Core/Src/main.c:176:6:SystemClock_Config	96	static
../Core/Src/main.c:237:13:MX_LPUART1_UART_Init	8	static
../Core/Src/main.c:271:13:MX_USB_OTG_FS_PCD_Init	8	static
../Core/Src/main.c:306:13:MX_GPIO_Init	48	static
../Core/Src/main.c:375:6:StartDefaultTask	16	static
../Core/Src/main.c:395:6:Task02_init	16	static
../Core/Src/main.c:408:6:Task03_init	16	static
../Core/Src/main.c:432:6:HAL_TIM_PeriodElapsedCallback	16	static
../Core/Src/main.c:451:6:Error_Handler	4	static,ignoring_inline_asm
