../Drivers/CMSIS/Include/core_cm4.h:2059:26:ITM_SendChar	16	static,ignoring_inline_asm
../Core/Src/main.c:38:5:_write	32	static
../Core/Src/main.c:44:6:float_to_string_manual	64	static
../Core/Src/main.c:139:5:main	104	static
../Core/Src/main.c:238:6:SystemClock_Config	96	static
../Core/Src/main.c:298:6:PeriphCommonClock_Config	152	static
../Core/Src/main.c:325:13:MX_ADC1_Init	48	static
../Core/Src/main.c:392:13:MX_LPUART1_UART_Init	8	static
../Core/Src/main.c:426:13:MX_USB_OTG_FS_PCD_Init	8	static
../Core/Src/main.c:461:13:MX_GPIO_Init	48	static
../Core/Src/main.c:524:6:StartDefaultTask	16	static
../Core/Src/main.c:547:6:Task02_init	16	static
../Core/Src/main.c:571:6:StartTask04	72	static
../Core/Src/main.c:647:6:HAL_TIM_PeriodElapsedCallback	16	static
../Core/Src/main.c:665:6:Error_Handler	4	static,ignoring_inline_asm
